============================================================
Histopathology pipeline — steps 7–13
============================================================
Slides: 50
STEP 7 — Embedding on device: mps
  [1/50] TCGA-73-4659-01Z-00-DX1.578400cd-d284-451b-8fdf-9f82c1458276.svs
  [2/50] TCGA-78-7158-01Z-00-DX1.74db3dcd-2715-4ce7-8e48-30c8b7946ba0.svs
  [3/50] TCGA-69-A59K-01Z-00-DX1.01EAF520-9AC1-4ECC-8EF3-B9122924A1E3.svs
  [4/50] TCGA-35-4122-01Z-00-DX1.2ac022e4-e796-49e5-9a24-f0ff3f76a527.svs
  [5/50] TCGA-80-5611-01Z-00-DX1.31920706-8AF4-46D2-B1D4-7DD5AF4AAC77.svs
  [6/50] TCGA-55-7727-01Z-00-DX1.0c7a4953-16dc-41e0-845b-b89167ec17d7.svs
  [7/50] TCGA-69-7979-01Z-00-DX1.c9bc265d-4889-4333-9852-b8b535887f1e.svs
  [8/50] TCGA-MP-A4T8-01Z-00-DX1.3ECB340F-66C7-4F64-8E00-463BF82AAD83.svs
  [9/50] TCGA-62-A46R-01Z-00-DX1.AD823FBA-A63F-4D36-8B84-2C995DE5FC47.svs
  [10/50] TCGA-MP-A4TJ-01Z-00-DX1.14EDBE5C-5D0C-4002-BE95-AF5C9D9F3D43.svs
  [11/50] TCGA-99-7458-01Z-00-DX1.10ea0b2c-c763-40d1-83a4-3d4ae957fdb0.svs
  [12/50] TCGA-44-3918-01Z-00-DX1.6da70a8b-6307-423a-9d2d-380c16962855.svs
  [13/50] TCGA-55-A494-01Z-00-DX1.8C7C4BE0-791A-47CA-B0A8-1935366350E0.svs
  [14/50] TCGA-86-8075-01Z-00-DX1.171bd8bd-af24-4770-b24b-732e675efd75.svs
  [15/50] TCGA-53-7624-01Z-00-DX1.51b4de19-3531-4bcb-b822-fa966480f2ad.svs
  [16/50] TCGA-44-6145-01Z-00-DX1.175ad655-b054-407d-bb22-3a4f85849488.svs
  [17/50] TCGA-73-7499-01Z-00-DX1.81f5c1c1-3d40-4773-a1fb-e1f8eb9f6730.svs
  [18/50] TCGA-86-8074-01Z-00-DX1.0c34b434-8701-4060-a4ea-08a72371ee1e.svs
  [19/50] TCGA-MP-A4SV-01Z-00-DX1.5430F2CF-BE4B-42D6-9CD4-92E6FB3F6E99.svs
  [20/50] TCGA-86-7953-01Z-00-DX1.847865ce-df59-4677-bac2-ee88a258fe4e.svs
  [21/50] TCGA-MP-A4TC-01Z-00-DX1.C7DB4A7F-F6B8-4FA0-84C1-9B87D41C7749.svs
  [22/50] TCGA-MP-A4TA-01Z-00-DX1.11DDADA4-B7A2-4216-9B18-7AD993AE12E4.svs
  [23/50] TCGA-44-7669-01Z-00-DX1.34d0c9ac-d3dc-4a5e-b99c-a8c1c1e120d1.svs
  [24/50] TCGA-MP-A4T9-01Z-00-DX1.F7B341C4-EBCD-455F-BE90-3B77AC6B76EC.svs
  [25/50] TCGA-55-7227-01Z-00-DX1.e1a9e09c-4a50-4ee5-b1e4-2c7ae34dc913.svs
  [26/50] TCGA-55-8205-01Z-00-DX1.6df6d499-f325-409d-acb1-9e13172f2bb4.svs
  [27/50] TCGA-86-8358-01Z-00-DX1.C50100F8-9414-4A06-BEDF-93E7B01B24D6.svs
  [28/50] TCGA-95-7039-01Z-00-DX1.C191A46D-A667-4BF6-8E6B-3E5CBF9DF43F.svs
  [29/50] TCGA-44-A47B-01Z-00-DX1.177D0531-E037-435B-BFD4-382B2150B10D.svs
  [30/50] TCGA-86-8359-01Z-00-DX1.11B8FDC3-4B84-4A22-B89D-46EA76345F13.svs
  [31/50] TCGA-49-4506-01Z-00-DX1.b13b8ef2-fd06-4309-a767-696a9afeaedd.svs
  [32/50] TCGA-97-8552-01Z-00-DX1.69631717-0E05-49C1-B112-15C2E36BC2F8.svs
  [33/50] TCGA-55-7995-01Z-00-DX1.fef24d04-35a0-4f57-8f51-7ad602a78871.svs
  [34/50] TCGA-64-1681-01Z-00-DX1.fb0244f6-51a8-4da2-b45c-38d8e02edab7.svs
  [35/50] TCGA-86-A4D0-01Z-00-DX1.165461AD-A8DA-4B7B-87CE-F5DBDBD2C0A7.svs
  [36/50] TCGA-78-7535-01Z-00-DX1.c4ca06f3-22d1-4e39-85c8-98d1fa2b0e60.svs
  [37/50] TCGA-49-6767-01Z-00-DX1.53459c0e-b8ec-4893-9910-87b63c503134.svs
  [38/50] TCGA-75-5126-01Z-00-DX1.164887F4-9986-415F-A94A-E40E92D80DA3.svs
  [39/50] TCGA-49-AAR3-01Z-00-DX1.B4D85F13-CEB4-46DA-BF39-0200B9E55835.svs
  [40/50] TCGA-49-4490-01Z-00-DX1.bde106d9-1494-4775-b77d-11c86bb09b72.svs
  [41/50] TCGA-64-5815-01Z-00-DX1.1E3600B5-7E83-47BE-AC70-E0C2D623740B.svs
  [42/50] TCGA-L9-A7SV-01Z-00-DX1.153B8E2D-54CE-4747-A22E-7A6ADCA03DB5.svs
  [43/50] TCGA-49-4490-01Z-00-DX2.1b491bd7-60d2-40a6-96cd-01385bce2b0f.svs
  [44/50] TCGA-55-8620-01Z-00-DX1.6591EEC4-D696-4826-80BD-99BE1D99EBB8.svs
  [45/50] TCGA-78-7145-01Z-00-DX1.ecde66bf-2de8-4e31-b3ab-4fed4f055dda.svs
  [46/50] TCGA-49-4512-01Z-00-DX2.341d7ff7-15e1-44f1-8818-b117fe98ca99.svs
  [47/50] TCGA-55-8085-01Z-00-DX1.ff220eba-3515-4d2e-b317-76337dd3d206.svs
  [48/50] TCGA-97-7547-01Z-00-DX1.3563966f-21ee-4405-9106-9e0bf8df9f1a.svs
  [49/50] TCGA-55-6971-01Z-00-DX1.6c790768-8252-466a-95e1-97d2086a8132.svs
  [50/50] TCGA-55-6975-01Z-00-DX1.2762a872-b1c3-47fd-8ed5-b715a5b20163.svs
STEP 7 done — patient matrix: (49, 2048)

STEP 9 — Merge clinical labels + train/test split
Cohort: 45 patients (train=36, test=9)

STEP 11 — Train RF/LR per target

--- OS_STATUS — histopathology ---
  Random Forest             0.575 +/- 0.264   test=0.750
  Logistic (LASSO)          0.500 +/- 0.000   test=0.500

--- PFS_STATUS — histopathology ---
  Random Forest             0.667 +/- 0.192   test=0.528
  Logistic (LASSO)          0.500 +/- 0.000   test=0.500

--- Stage — histopathology ---
/Users/soumoha2/Documents/BITS/ONCOLENS/.venv/lib/python3.11/site-packages/sklearn/model_selection/_split.py:813: UserWarning: The least populated class in y has only 1 members, which is less than n_splits=5.
  warnings.warn(
/Users/soumoha2/Documents/BITS/ONCOLENS/.venv/lib/python3.11/site-packages/sklearn/model_selection/_validation.py:945: UserWarning: Scoring failed. The score on this train-test partition for these parameters will be set to nan. Details: 
Traceback (most recent call last):
  File "/Users/soumoha2/Documents/BITS/ONCOLENS/.venv/lib/python3.11/site-packages/sklearn/metrics/_scorer.py", line 166, in __call__
    score = scorer._score(
            ^^^^^^^^^^^^^^
  File "/Users/soumoha2/Documents/BITS/ONCOLENS/.venv/lib/python3.11/site-packages/sklearn/metrics/_scorer.py", line 417, in _score
    return self._sign * self._score_func(y_true, y_pred, **scoring_kwargs)
                        ^^^^^^^^^^^^^^^^^^^^^^^^^^^^^^^^^^^^^^^^^^^^^^^^^^
  File "/Users/soumoha2/Documents/BITS/ONCOLENS/.venv/lib/python3.11/site-packages/sklearn/utils/_param_validation.py", line 218, in wrapper
    return func(*args, **kwargs)
           ^^^^^^^^^^^^^^^^^^^^^
  File "/Users/soumoha2/Documents/BITS/ONCOLENS/.venv/lib/python3.11/site-packages/sklearn/metrics/_ranking.py", line 698, in roc_auc_score
    return _multiclass_roc_auc_score(
           ^^^^^^^^^^^^^^^^^^^^^^^^^^
  File "/Users/soumoha2/Documents/BITS/ONCOLENS/.venv/lib/python3.11/site-packages/sklearn/metrics/_ranking.py", line 815, in _multiclass_roc_auc_score
    raise ValueError(
ValueError: Number of classes in y_true not equal to the number of columns in 'y_score'

  warnings.warn(
/Users/soumoha2/Documents/BITS/ONCOLENS/.venv/lib/python3.11/site-packages/sklearn/model_selection/_validation.py:945: UserWarning: Scoring failed. The score on this train-test partition for these parameters will be set to nan. Details: 
Traceback (most recent call last):
  File "/Users/soumoha2/Documents/BITS/ONCOLENS/.venv/lib/python3.11/site-packages/sklearn/metrics/_scorer.py", line 166, in __call__
    score = scorer._score(
            ^^^^^^^^^^^^^^
  File "/Users/soumoha2/Documents/BITS/ONCOLENS/.venv/lib/python3.11/site-packages/sklearn/metrics/_scorer.py", line 417, in _score
    return self._sign * self._score_func(y_true, y_pred, **scoring_kwargs)
                        ^^^^^^^^^^^^^^^^^^^^^^^^^^^^^^^^^^^^^^^^^^^^^^^^^^
  File "/Users/soumoha2/Documents/BITS/ONCOLENS/.venv/lib/python3.11/site-packages/sklearn/utils/_param_validation.py", line 218, in wrapper
    return func(*args, **kwargs)
           ^^^^^^^^^^^^^^^^^^^^^
  File "/Users/soumoha2/Documents/BITS/ONCOLENS/.venv/lib/python3.11/site-packages/sklearn/metrics/_ranking.py", line 698, in roc_auc_score
    return _multiclass_roc_auc_score(
           ^^^^^^^^^^^^^^^^^^^^^^^^^^
  File "/Users/soumoha2/Documents/BITS/ONCOLENS/.venv/lib/python3.11/site-packages/sklearn/metrics/_ranking.py", line 815, in _multiclass_roc_auc_score
    raise ValueError(
ValueError: Number of classes in y_true not equal to the number of columns in 'y_score'

  warnings.warn(
/Users/soumoha2/Documents/BITS/ONCOLENS/.venv/lib/python3.11/site-packages/sklearn/model_selection/_validation.py:945: UserWarning: Scoring failed. The score on this train-test partition for these parameters will be set to nan. Details: 
Traceback (most recent call last):
  File "/Users/soumoha2/Documents/BITS/ONCOLENS/.venv/lib/python3.11/site-packages/sklearn/metrics/_scorer.py", line 166, in __call__
    score = scorer._score(
            ^^^^^^^^^^^^^^
  File "/Users/soumoha2/Documents/BITS/ONCOLENS/.venv/lib/python3.11/site-packages/sklearn/metrics/_scorer.py", line 417, in _score
    return self._sign * self._score_func(y_true, y_pred, **scoring_kwargs)
                        ^^^^^^^^^^^^^^^^^^^^^^^^^^^^^^^^^^^^^^^^^^^^^^^^^^
  File "/Users/soumoha2/Documents/BITS/ONCOLENS/.venv/lib/python3.11/site-packages/sklearn/utils/_param_validation.py", line 218, in wrapper
    return func(*args, **kwargs)
           ^^^^^^^^^^^^^^^^^^^^^
  File "/Users/soumoha2/Documents/BITS/ONCOLENS/.venv/lib/python3.11/site-packages/sklearn/metrics/_ranking.py", line 698, in roc_auc_score
    return _multiclass_roc_auc_score(
           ^^^^^^^^^^^^^^^^^^^^^^^^^^
  File "/Users/soumoha2/Documents/BITS/ONCOLENS/.venv/lib/python3.11/site-packages/sklearn/metrics/_ranking.py", line 815, in _multiclass_roc_auc_score
    raise ValueError(
ValueError: Number of classes in y_true not equal to the number of columns in 'y_score'

  warnings.warn(
/Users/soumoha2/Documents/BITS/ONCOLENS/.venv/lib/python3.11/site-packages/sklearn/model_selection/_validation.py:945: UserWarning: Scoring failed. The score on this train-test partition for these parameters will be set to nan. Details: 
Traceback (most recent call last):
  File "/Users/soumoha2/Documents/BITS/ONCOLENS/.venv/lib/python3.11/site-packages/sklearn/metrics/_scorer.py", line 166, in __call__
    score = scorer._score(
            ^^^^^^^^^^^^^^
  File "/Users/soumoha2/Documents/BITS/ONCOLENS/.venv/lib/python3.11/site-packages/sklearn/metrics/_scorer.py", line 417, in _score
    return self._sign * self._score_func(y_true, y_pred, **scoring_kwargs)
                        ^^^^^^^^^^^^^^^^^^^^^^^^^^^^^^^^^^^^^^^^^^^^^^^^^^
  File "/Users/soumoha2/Documents/BITS/ONCOLENS/.venv/lib/python3.11/site-packages/sklearn/utils/_param_validation.py", line 218, in wrapper
    return func(*args, **kwargs)
           ^^^^^^^^^^^^^^^^^^^^^
  File "/Users/soumoha2/Documents/BITS/ONCOLENS/.venv/lib/python3.11/site-packages/sklearn/metrics/_ranking.py", line 698, in roc_auc_score
    return _multiclass_roc_auc_score(
           ^^^^^^^^^^^^^^^^^^^^^^^^^^
  File "/Users/soumoha2/Documents/BITS/ONCOLENS/.venv/lib/python3.11/site-packages/sklearn/metrics/_ranking.py", line 815, in _multiclass_roc_auc_score
    raise ValueError(
ValueError: Number of classes in y_true not equal to the number of columns in 'y_score'

  warnings.warn(
/Users/soumoha2/Documents/BITS/ONCOLENS/.venv/lib/python3.11/site-packages/sklearn/model_selection/_validation.py:945: UserWarning: Scoring failed. The score on this train-test partition for these parameters will be set to nan. Details: 
Traceback (most recent call last):
  File "/Users/soumoha2/Documents/BITS/ONCOLENS/.venv/lib/python3.11/site-packages/sklearn/metrics/_scorer.py", line 166, in __call__
    score = scorer._score(
            ^^^^^^^^^^^^^^
  File "/Users/soumoha2/Documents/BITS/ONCOLENS/.venv/lib/python3.11/site-packages/sklearn/metrics/_scorer.py", line 417, in _score
    return self._sign * self._score_func(y_true, y_pred, **scoring_kwargs)
                        ^^^^^^^^^^^^^^^^^^^^^^^^^^^^^^^^^^^^^^^^^^^^^^^^^^
  File "/Users/soumoha2/Documents/BITS/ONCOLENS/.venv/lib/python3.11/site-packages/sklearn/utils/_param_validation.py", line 218, in wrapper
    return func(*args, **kwargs)
           ^^^^^^^^^^^^^^^^^^^^^
  File "/Users/soumoha2/Documents/BITS/ONCOLENS/.venv/lib/python3.11/site-packages/sklearn/metrics/_ranking.py", line 698, in roc_auc_score
    return _multiclass_roc_auc_score(
           ^^^^^^^^^^^^^^^^^^^^^^^^^^
  File "/Users/soumoha2/Documents/BITS/ONCOLENS/.venv/lib/python3.11/site-packages/sklearn/metrics/_ranking.py", line 815, in _multiclass_roc_auc_score
    raise ValueError(
ValueError: Number of classes in y_true not equal to the number of columns in 'y_score'

  warnings.warn(
  Random Forest             nan +/- nan   test=0.373
/Users/soumoha2/Documents/BITS/ONCOLENS/.venv/lib/python3.11/site-packages/sklearn/model_selection/_split.py:813: UserWarning: The least populated class in y has only 1 members, which is less than n_splits=5.
  warnings.warn(
/Users/soumoha2/Documents/BITS/ONCOLENS/.venv/lib/python3.11/site-packages/sklearn/model_selection/_validation.py:945: UserWarning: Scoring failed. The score on this train-test partition for these parameters will be set to nan. Details: 
Traceback (most recent call last):
  File "/Users/soumoha2/Documents/BITS/ONCOLENS/.venv/lib/python3.11/site-packages/sklearn/metrics/_scorer.py", line 166, in __call__
    score = scorer._score(
            ^^^^^^^^^^^^^^
  File "/Users/soumoha2/Documents/BITS/ONCOLENS/.venv/lib/python3.11/site-packages/sklearn/metrics/_scorer.py", line 417, in _score
    return self._sign * self._score_func(y_true, y_pred, **scoring_kwargs)
                        ^^^^^^^^^^^^^^^^^^^^^^^^^^^^^^^^^^^^^^^^^^^^^^^^^^
  File "/Users/soumoha2/Documents/BITS/ONCOLENS/.venv/lib/python3.11/site-packages/sklearn/utils/_param_validation.py", line 218, in wrapper
    return func(*args, **kwargs)
           ^^^^^^^^^^^^^^^^^^^^^
  File "/Users/soumoha2/Documents/BITS/ONCOLENS/.venv/lib/python3.11/site-packages/sklearn/metrics/_ranking.py", line 698, in roc_auc_score
    return _multiclass_roc_auc_score(
           ^^^^^^^^^^^^^^^^^^^^^^^^^^
  File "/Users/soumoha2/Documents/BITS/ONCOLENS/.venv/lib/python3.11/site-packages/sklearn/metrics/_ranking.py", line 815, in _multiclass_roc_auc_score
    raise ValueError(
ValueError: Number of classes in y_true not equal to the number of columns in 'y_score'

  warnings.warn(
/Users/soumoha2/Documents/BITS/ONCOLENS/.venv/lib/python3.11/site-packages/sklearn/model_selection/_validation.py:945: UserWarning: Scoring failed. The score on this train-test partition for these parameters will be set to nan. Details: 
Traceback (most recent call last):
  File "/Users/soumoha2/Documents/BITS/ONCOLENS/.venv/lib/python3.11/site-packages/sklearn/metrics/_scorer.py", line 166, in __call__
    score = scorer._score(
            ^^^^^^^^^^^^^^
  File "/Users/soumoha2/Documents/BITS/ONCOLENS/.venv/lib/python3.11/site-packages/sklearn/metrics/_scorer.py", line 417, in _score
    return self._sign * self._score_func(y_true, y_pred, **scoring_kwargs)
                        ^^^^^^^^^^^^^^^^^^^^^^^^^^^^^^^^^^^^^^^^^^^^^^^^^^
  File "/Users/soumoha2/Documents/BITS/ONCOLENS/.venv/lib/python3.11/site-packages/sklearn/utils/_param_validation.py", line 218, in wrapper
    return func(*args, **kwargs)
           ^^^^^^^^^^^^^^^^^^^^^
  File "/Users/soumoha2/Documents/BITS/ONCOLENS/.venv/lib/python3.11/site-packages/sklearn/metrics/_ranking.py", line 698, in roc_auc_score
    return _multiclass_roc_auc_score(
           ^^^^^^^^^^^^^^^^^^^^^^^^^^
  File "/Users/soumoha2/Documents/BITS/ONCOLENS/.venv/lib/python3.11/site-packages/sklearn/metrics/_ranking.py", line 815, in _multiclass_roc_auc_score
    raise ValueError(
ValueError: Number of classes in y_true not equal to the number of columns in 'y_score'

  warnings.warn(
/Users/soumoha2/Documents/BITS/ONCOLENS/.venv/lib/python3.11/site-packages/sklearn/model_selection/_validation.py:945: UserWarning: Scoring failed. The score on this train-test partition for these parameters will be set to nan. Details: 
Traceback (most recent call last):
  File "/Users/soumoha2/Documents/BITS/ONCOLENS/.venv/lib/python3.11/site-packages/sklearn/metrics/_scorer.py", line 166, in __call__
    score = scorer._score(
            ^^^^^^^^^^^^^^
  File "/Users/soumoha2/Documents/BITS/ONCOLENS/.venv/lib/python3.11/site-packages/sklearn/metrics/_scorer.py", line 417, in _score
    return self._sign * self._score_func(y_true, y_pred, **scoring_kwargs)
                        ^^^^^^^^^^^^^^^^^^^^^^^^^^^^^^^^^^^^^^^^^^^^^^^^^^
  File "/Users/soumoha2/Documents/BITS/ONCOLENS/.venv/lib/python3.11/site-packages/sklearn/utils/_param_validation.py", line 218, in wrapper
    return func(*args, **kwargs)
           ^^^^^^^^^^^^^^^^^^^^^
  File "/Users/soumoha2/Documents/BITS/ONCOLENS/.venv/lib/python3.11/site-packages/sklearn/metrics/_ranking.py", line 698, in roc_auc_score
    return _multiclass_roc_auc_score(
           ^^^^^^^^^^^^^^^^^^^^^^^^^^
  File "/Users/soumoha2/Documents/BITS/ONCOLENS/.venv/lib/python3.11/site-packages/sklearn/metrics/_ranking.py", line 815, in _multiclass_roc_auc_score
    raise ValueError(
ValueError: Number of classes in y_true not equal to the number of columns in 'y_score'

  warnings.warn(
/Users/soumoha2/Documents/BITS/ONCOLENS/.venv/lib/python3.11/site-packages/sklearn/model_selection/_validation.py:945: UserWarning: Scoring failed. The score on this train-test partition for these parameters will be set to nan. Details: 
Traceback (most recent call last):
  File "/Users/soumoha2/Documents/BITS/ONCOLENS/.venv/lib/python3.11/site-packages/sklearn/metrics/_scorer.py", line 166, in __call__
    score = scorer._score(
            ^^^^^^^^^^^^^^
  File "/Users/soumoha2/Documents/BITS/ONCOLENS/.venv/lib/python3.11/site-packages/sklearn/metrics/_scorer.py", line 417, in _score
    return self._sign * self._score_func(y_true, y_pred, **scoring_kwargs)
                        ^^^^^^^^^^^^^^^^^^^^^^^^^^^^^^^^^^^^^^^^^^^^^^^^^^
  File "/Users/soumoha2/Documents/BITS/ONCOLENS/.venv/lib/python3.11/site-packages/sklearn/utils/_param_validation.py", line 218, in wrapper
    return func(*args, **kwargs)
           ^^^^^^^^^^^^^^^^^^^^^
  File "/Users/soumoha2/Documents/BITS/ONCOLENS/.venv/lib/python3.11/site-packages/sklearn/metrics/_ranking.py", line 698, in roc_auc_score
    return _multiclass_roc_auc_score(
           ^^^^^^^^^^^^^^^^^^^^^^^^^^
  File "/Users/soumoha2/Documents/BITS/ONCOLENS/.venv/lib/python3.11/site-packages/sklearn/metrics/_ranking.py", line 815, in _multiclass_roc_auc_score
    raise ValueError(
ValueError: Number of classes in y_true not equal to the number of columns in 'y_score'

  warnings.warn(
/Users/soumoha2/Documents/BITS/ONCOLENS/.venv/lib/python3.11/site-packages/sklearn/model_selection/_validation.py:945: UserWarning: Scoring failed. The score on this train-test partition for these parameters will be set to nan. Details: 
Traceback (most recent call last):
  File "/Users/soumoha2/Documents/BITS/ONCOLENS/.venv/lib/python3.11/site-packages/sklearn/metrics/_scorer.py", line 166, in __call__
    score = scorer._score(
            ^^^^^^^^^^^^^^
  File "/Users/soumoha2/Documents/BITS/ONCOLENS/.venv/lib/python3.11/site-packages/sklearn/metrics/_scorer.py", line 417, in _score
    return self._sign * self._score_func(y_true, y_pred, **scoring_kwargs)
                        ^^^^^^^^^^^^^^^^^^^^^^^^^^^^^^^^^^^^^^^^^^^^^^^^^^
  File "/Users/soumoha2/Documents/BITS/ONCOLENS/.venv/lib/python3.11/site-packages/sklearn/utils/_param_validation.py", line 218, in wrapper
    return func(*args, **kwargs)
           ^^^^^^^^^^^^^^^^^^^^^
  File "/Users/soumoha2/Documents/BITS/ONCOLENS/.venv/lib/python3.11/site-packages/sklearn/metrics/_ranking.py", line 698, in roc_auc_score
    return _multiclass_roc_auc_score(
           ^^^^^^^^^^^^^^^^^^^^^^^^^^
  File "/Users/soumoha2/Documents/BITS/ONCOLENS/.venv/lib/python3.11/site-packages/sklearn/metrics/_ranking.py", line 815, in _multiclass_roc_auc_score
    raise ValueError(
ValueError: Number of classes in y_true not equal to the number of columns in 'y_score'

  warnings.warn(
  Logistic (LASSO)          nan +/- nan   test=0.475

STEP 13 — Save feature store
Saved: /Users/soumoha2/Documents/BITS/ONCOLENS/Data/feature_store/histopathology
Registry: /Users/soumoha2/Documents/BITS/ONCOLENS/Data/feature_store/registry_histopathology.json
PIPELINE COMPLETE
