============================================================
Histopathology pipeline — steps 7–13
============================================================
Slides: 150
STEP 7 — Embedding on device: mps
  [1/150] TCGA-05-4382-01Z-00-DX1.76b49a4c-dbbb-48b0-b677-6d3037e5ce88.svs
  [2/150] TCGA-05-4384-01Z-00-DX1.CA68BF29-BBE3-4C8E-B48B-554431A9EE13.svs
  [3/150] TCGA-05-4390-01Z-00-DX1.858E64DF-DD3E-4F43-B7C1-CE35B33F1C90.svs
  [4/150] TCGA-05-4395-01Z-00-DX1.20205276-ca16-46b2-914a-fe5e576a5cf9.svs
  [5/150] TCGA-05-4396-01Z-00-DX1.49DD5F68-7473-4945-B384-EA6D5AE383CB.svs
  [6/150] TCGA-05-4402-01Z-00-DX1.c653ddc2-88c1-45ac-88e7-4e512b8e8d53.svs
  [7/150] TCGA-05-4405-01Z-00-DX1.D57EC2B2-3A59-4954-86A7-61782938BCC5.svs
  [8/150] TCGA-05-4410-01Z-00-DX1.E5B66334-4949-4F45-9200-296B1A2F1AD5.svs
  [9/150] TCGA-05-4415-01Z-00-DX1.55E0C429-B308-4962-8DA9-41D7D3F7764E.svs
  [10/150] TCGA-05-5420-01Z-00-DX1.8C253A99-44FD-48B6-AF31-D808CCB7DB1E.svs
  [11/150] TCGA-35-4122-01Z-00-DX1.2ac022e4-e796-49e5-9a24-f0ff3f76a527.svs
  [12/150] TCGA-35-4123-01Z-00-DX1.990553a8-657e-49ec-9782-e6d30a4c4909.svs
  [13/150] TCGA-35-5375-01Z-00-DX1.10708170-750A-451B-BC10-0B4042540033.svs
  [14/150] TCGA-38-4627-01Z-00-DX1.fe406eb9-b38b-410d-aa1a-84ab8ac091c7.svs
  [15/150] TCGA-38-4629-01Z-00-DX1.d00cc280-5370-4b9f-9655-6c35deb94647.svs
  [16/150] TCGA-38-4632-01Z-00-DX1.5E05F85C-53BC-4280-8E7F-8B9DECEF849F.svs
  [17/150] TCGA-38-6178-01Z-00-DX1.5932337D-BA2B-455D-9E34-22961EFA2170.svs
  [18/150] TCGA-44-2659-01Z-00-DX1.b33f40e6-bc18-48b0-8dad-bdb0a6a200b5.svs
  [19/150] TCGA-44-3918-01Z-00-DX1.6da70a8b-6307-423a-9d2d-380c16962855.svs
  [20/150] TCGA-44-3919-01Z-00-DX1.41144972-46a1-4b25-9faa-ed1b9d1996d2.svs
  [21/150] TCGA-44-5645-01Z-00-DX1.8b0d89d7-7849-49a6-a2f5-a8faf2c5aab4.svs
  [22/150] TCGA-44-6145-01Z-00-DX1.175ad655-b054-407d-bb22-3a4f85849488.svs
  [23/150] TCGA-44-6147-01Z-00-DX1.a34a9f49-e86b-43ee-9e2d-7ef35da0aecf.svs
  [24/150] TCGA-44-6776-01Z-00-DX1.551e200f-5f40-4b95-8b2f-7c6000a21be0.svs
  [25/150] TCGA-44-7659-01Z-00-DX1.818bf5b3-b4c1-4d23-a6ae-98d5015eb8c1.svs
  [26/150] TCGA-44-7660-01Z-00-DX1.f96c114b-f0fc-498a-97cc-e262344de357.svs
  [27/150] TCGA-44-7661-01Z-00-DX1.baf72abd-edb9-4f56-beb3-f5138aa50930.svs
  [28/150] TCGA-44-7662-01Z-00-DX1.2f0b6cea-795a-40ad-93a9-319858e6fb3b.svs
  [29/150] TCGA-44-7669-01Z-00-DX1.34d0c9ac-d3dc-4a5e-b99c-a8c1c1e120d1.svs
  [30/150] TCGA-44-7670-01Z-00-DX1.2a981dd6-0063-438e-b20e-b180b16e2b23.svs
  [31/150] TCGA-44-8119-01Z-00-DX1.1EBEBFA7-22DB-4365-9DF8-C4E679C11312.svs
  [32/150] TCGA-44-A47B-01Z-00-DX1.177D0531-E037-435B-BFD4-382B2150B10D.svs
  [33/150] TCGA-49-4488-01Z-00-DX10.930e7dc2-6073-4bf2-9b70-f17c0b26bdee.svs
  [34/150] TCGA-49-4488-01Z-00-DX2.ce896a98-8b45-4606-8849-3a377b81e3de.svs
  [35/150] TCGA-49-4490-01Z-00-DX1.bde106d9-1494-4775-b77d-11c86bb09b72.svs
  [36/150] TCGA-49-4490-01Z-00-DX2.1b491bd7-60d2-40a6-96cd-01385bce2b0f.svs
  [37/150] TCGA-49-4494-01Z-00-DX1.2bf10e85-465a-4b17-abd7-3565f0e538a5.svs
  [38/150] TCGA-49-4494-01Z-00-DX2.cac5ed0a-98c3-4d37-a4f4-9596a061836a.svs
  [39/150] TCGA-49-4506-01Z-00-DX1.b13b8ef2-fd06-4309-a767-696a9afeaedd.svs
  [40/150] TCGA-49-4512-01Z-00-DX1.ced0bda8-f2d6-4bcb-b2d6-b122846a3079.svs
  [41/150] TCGA-49-4512-01Z-00-DX2.341d7ff7-15e1-44f1-8818-b117fe98ca99.svs
  [42/150] TCGA-49-6743-01Z-00-DX1.ddae5601-6ffa-4a70-8755-8645d5e45135.svs
  [43/150] TCGA-49-6743-01Z-00-DX2.f6b71e89-19ff-4d9b-a3f1-3a52949f1dc7.svs
  [44/150] TCGA-49-6761-01Z-00-DX1.10c577a2-f65c-4517-8a25-83d44e380f8f.svs
  [45/150] TCGA-49-6767-01Z-00-DX1.53459c0e-b8ec-4893-9910-87b63c503134.svs
  [46/150] TCGA-49-AAR3-01Z-00-DX1.B4D85F13-CEB4-46DA-BF39-0200B9E55835.svs
  [47/150] TCGA-49-AAR4-01Z-00-DX1.EDB32358-AF23-4F81-A99F-15574A2DE28E.svs
  [48/150] TCGA-49-AARN-01Z-00-DX1.E13AA041-978E-427D-AFA5-D3180224A03A.svs
  [49/150] TCGA-49-AARQ-01Z-00-DX1.3FA36419-1658-4602-9170-84A622787C3E.svs
  [50/150] TCGA-50-5055-01Z-00-DX2.446EC3BB-2ED7-4253-8A39-AC68331F08E7.svs
  [51/150] TCGA-50-5068-01Z-00-DX2.0492A5C6-09CB-424B-BE20-10A1CBEA2E57.svs
  [52/150] TCGA-50-5942-01Z-00-DX1.da1b1274-8740-4c79-adf9-25800913eafa.svs
  [53/150] TCGA-50-6597-01Z-00-DX1.ec7fc0b2-78a1-4384-bddd-e89f02ee5eb6.svs
  [54/150] TCGA-53-7624-01Z-00-DX1.51b4de19-3531-4bcb-b822-fa966480f2ad.svs
  [55/150] TCGA-55-1596-01Z-00-DX1.de65522d-92ab-408e-9b7e-24210d386b97.svs
  [56/150] TCGA-55-5899-01Z-00-DX1.faa65b08-150c-4c74-95aa-1e8743f0152c.svs
  [57/150] TCGA-55-6969-01Z-00-DX1.713df9f6-1a91-4e0e-ad43-42e66dcca191.svs
  [58/150] TCGA-55-6970-01Z-00-DX1.be042a9b-3eab-4b6c-9cd7-7486ffab037f.svs
  [59/150] TCGA-55-6971-01Z-00-DX1.6c790768-8252-466a-95e1-97d2086a8132.svs
  [60/150] TCGA-55-6975-01Z-00-DX1.2762a872-b1c3-47fd-8ed5-b715a5b20163.svs
  [61/150] TCGA-55-6981-01Z-00-DX1.5fecd134-42a0-40a2-be75-1e8bd14c5b30.svs
  [62/150] TCGA-55-6986-01Z-00-DX1.ae52d41e-3cd6-4d36-b04b-2ea7d29bd8da.svs
  [63/150] TCGA-55-7227-01Z-00-DX1.e1a9e09c-4a50-4ee5-b1e4-2c7ae34dc913.svs
  [64/150] TCGA-55-7573-01Z-00-DX1.43a4bbd2-6a3b-4910-9356-2d750a736817.svs
  [65/150] TCGA-55-7725-01Z-00-DX1.4d678777-63b1-4f4a-932a-7fccabf504c7.svs
  [66/150] TCGA-55-7727-01Z-00-DX1.0c7a4953-16dc-41e0-845b-b89167ec17d7.svs
  [67/150] TCGA-55-7816-01Z-00-DX1.A58C6196-E1A0-48B3-9B77-2EDCD7A43CBA.svs
  [68/150] TCGA-55-7907-01Z-00-DX1.f5a264f5-3926-4d09-82f3-cd38d554f3db.svs
  [69/150] TCGA-55-7994-01Z-00-DX1.a0858080-c471-4337-bc57-7af57e9d92d8.svs
  [70/150] TCGA-55-7995-01Z-00-DX1.fef24d04-35a0-4f57-8f51-7ad602a78871.svs
  [71/150] TCGA-55-8085-01Z-00-DX1.ff220eba-3515-4d2e-b317-76337dd3d206.svs
  [72/150] TCGA-55-8090-01Z-00-DX1.83f86d5f-7cb9-443a-a812-b19ba4aea836.svs
  [73/150] TCGA-55-8204-01Z-00-DX1.30ba69f3-53f1-41cc-826c-20dce3cfe86b.svs
  [74/150] TCGA-55-8205-01Z-00-DX1.6df6d499-f325-409d-acb1-9e13172f2bb4.svs
  [75/150] TCGA-55-8207-01Z-00-DX1.2dafc442-f927-4b0d-b197-cc8c5f86d0fc.svs
  [76/150] TCGA-55-8208-01Z-00-DX1.6eccb7e2-16e4-4d25-9a1e-b370e016020f.svs
  [77/150] TCGA-55-8507-01Z-00-DX1.3C6198CF-3E13-4C4C-B851-5BDFF8552621.svs
  [78/150] TCGA-55-8511-01Z-00-DX1.8EDFB05B-5B59-46EA-973C-1048B1E284D2.svs
  [79/150] TCGA-55-8620-01Z-00-DX1.6591EEC4-D696-4826-80BD-99BE1D99EBB8.svs
  [80/150] TCGA-55-8621-01Z-00-DX1.7C519007-D59D-432A-BF4D-23D14A1C8BB6.svs
  [81/150] TCGA-55-A494-01Z-00-DX1.8C7C4BE0-791A-47CA-B0A8-1935366350E0.svs
  [82/150] TCGA-62-A46P-01Z-00-DX1.9136CC96-51B9-4FEB-8BCF-2C3676C708B1.svs
  [83/150] TCGA-62-A46R-01Z-00-DX1.AD823FBA-A63F-4D36-8B84-2C995DE5FC47.svs
  [84/150] TCGA-62-A46U-01Z-00-DX1.5129535F-8B6A-4647-8A88-3EE125642874.svs
  [85/150] TCGA-64-1677-01Z-00-DX1.7720D42B-1F57-4C23-9BC5-87C456E7737B.svs
  [86/150] TCGA-64-1681-01Z-00-DX1.fb0244f6-51a8-4da2-b45c-38d8e02edab7.svs
  [87/150] TCGA-64-5775-01Z-00-DX1.9A338C1A-CDB6-41AF-B6D5-EDE608B5E3E1.svs
  [88/150] TCGA-64-5778-01Z-00-DX1.96C39819-8A65-4651-BE83-39959F6FAD05.svs
  [89/150] TCGA-64-5815-01Z-00-DX1.1E3600B5-7E83-47BE-AC70-E0C2D623740B.svs
  [90/150] TCGA-67-3770-01Z-00-DX1.4C14BE72-905C-4AAE-B07A-6437D98A23FA.svs
  [91/150] TCGA-69-7979-01Z-00-DX1.c9bc265d-4889-4333-9852-b8b535887f1e.svs
  [92/150] TCGA-69-A59K-01Z-00-DX1.01EAF520-9AC1-4ECC-8EF3-B9122924A1E3.svs
  [93/150] TCGA-73-4659-01Z-00-DX1.578400cd-d284-451b-8fdf-9f82c1458276.svs
  [94/150] TCGA-73-4670-01Z-00-DX1.a92a23d5-01aa-45a2-9f83-4784cd65fd58.svs
  [95/150] TCGA-73-7498-01Z-00-DX1.5313bba9-7f6a-49b4-8d6e-a0f46a04f189.svs
  [96/150] TCGA-73-7499-01Z-00-DX1.81f5c1c1-3d40-4773-a1fb-e1f8eb9f6730.svs
  [97/150] TCGA-75-5122-01Z-00-DX1.627FD712-3881-44CC-83E0-6C4DFC6C88C1.svs
  [98/150] TCGA-75-5126-01Z-00-DX1.164887F4-9986-415F-A94A-E40E92D80DA3.svs
  [99/150] TCGA-75-6207-01Z-00-DX1.837B7B0F-424C-423B-9045-A905E7C1C54C.svs
  [100/150] TCGA-78-7145-01Z-00-DX1.ecde66bf-2de8-4e31-b3ab-4fed4f055dda.svs
  [101/150] TCGA-78-7150-01Z-00-DX1.46e6e65c-521c-49de-b106-419dc840b235.svs
  [102/150] TCGA-78-7152-01Z-00-DX1.a04f9d84-3304-402c-9c0c-f64545c14781.svs
  [103/150] TCGA-78-7153-01Z-00-DX1.5190321a-f1aa-4c6e-b4b9-6767b779682b.svs
  [104/150] TCGA-78-7154-01Z-00-DX1.596c20c2-e811-4b5e-961c-98343afcccde.svs
  [105/150] TCGA-78-7156-01Z-00-DX1.9f7c8eb9-73de-49be-a487-e1fd4411b7b5.svs
  [106/150] TCGA-78-7158-01Z-00-DX1.74db3dcd-2715-4ce7-8e48-30c8b7946ba0.svs
  [107/150] TCGA-78-7159-01Z-00-DX1.399d865f-f4f9-4602-b15b-908be0afe459.svs
  [108/150] TCGA-78-7535-01Z-00-DX1.c4ca06f3-22d1-4e39-85c8-98d1fa2b0e60.svs
  [109/150] TCGA-78-7537-01Z-00-DX1.e5597e41-ebba-4d6f-8a1f-15cd81d8f026.svs
  [110/150] TCGA-78-8648-01Z-00-DX1.D3EAEF8E-E739-490F-BF48-A4796B0C0E7A.svs
  [111/150] TCGA-78-8660-01Z-00-DX1.11E923ED-C01B-439D-8796-08C9E3DC2D93.svs
  [112/150] TCGA-80-5607-01Z-00-DX1.94C9CF78-2F79-4A0B-8939-1CD9B915222D.svs
  [113/150] TCGA-80-5608-01Z-00-DX1.CB85BA53-AF00-4C7D-8489-C2FF0F4F49AB.svs
  [114/150] TCGA-80-5611-01Z-00-DX1.31920706-8AF4-46D2-B1D4-7DD5AF4AAC77.svs
  [115/150] TCGA-86-6851-01Z-00-DX1.0b13e600-fd7b-44a2-9ec2-26e9938fb7bc.svs
  [116/150] TCGA-86-7953-01Z-00-DX1.847865ce-df59-4677-bac2-ee88a258fe4e.svs
  [117/150] TCGA-86-8074-01Z-00-DX1.0c34b434-8701-4060-a4ea-08a72371ee1e.svs
  [118/150] TCGA-86-8075-01Z-00-DX1.171bd8bd-af24-4770-b24b-732e675efd75.svs
  [119/150] TCGA-86-8076-01Z-00-DX1.e7378b2f-e20e-4d2f-a86c-3a8ead08a385.svs
  [120/150] TCGA-86-8281-01Z-00-DX1.02237263-003b-4de1-8a2f-0f3ad14768c7.svs
  [121/150] TCGA-86-8358-01Z-00-DX1.C50100F8-9414-4A06-BEDF-93E7B01B24D6.svs
  [122/150] TCGA-86-8359-01Z-00-DX1.11B8FDC3-4B84-4A22-B89D-46EA76345F13.svs
  [123/150] TCGA-86-8669-01Z-00-DX1.845b8b4e-6445-4da1-8275-42b765c024cc.svs
  [124/150] TCGA-86-A4D0-01Z-00-DX1.165461AD-A8DA-4B7B-87CE-F5DBDBD2C0A7.svs
  [125/150] TCGA-86-A4P8-01Z-00-DX1.D65E8855-F7A1-4584-A501-BBFBC61C2DEB.svs
  [126/150] TCGA-95-7039-01Z-00-DX1.C191A46D-A667-4BF6-8E6B-3E5CBF9DF43F.svs
  [127/150] TCGA-95-7043-01Z-00-DX1.AE0FD8AA-9B88-45FE-B247-402BED1285EF.svs
  [128/150] TCGA-95-7562-01Z-00-DX1.C722891A-C5C6-4F0D-A73F-259FA8DB2394.svs
  [129/150] TCGA-95-7944-01Z-00-DX1.E66A3565-7B0D-412B-9C0C-81D7397E8B87.svs
  [130/150] TCGA-95-7948-01Z-00-DX1.FF1AEF38-19E5-4475-87C8-B318204FEF1D.svs
  [131/150] TCGA-95-A4VK-01Z-00-DX1.D09778E0-285E-4593-84C8-B6009DDF4E41.svs
  [132/150] TCGA-97-7547-01Z-00-DX1.3563966f-21ee-4405-9106-9e0bf8df9f1a.svs
  [133/150] TCGA-97-8552-01Z-00-DX1.69631717-0E05-49C1-B112-15C2E36BC2F8.svs
  [134/150] TCGA-97-A4M0-01Z-00-DX1.BDDFB04C-2475-485A-9A85-C4B9EB15155E.svs
  [135/150] TCGA-97-A4M7-01Z-00-DX1.111ED60D-6E4A-47E9-AFD0-C2A109DE2C60.svs
  [136/150] TCGA-97-A4M7-01Z-00-DX2.9D0A8A7E-5A84-439B-B3D1-DFA22BC6ED87.svs
  [137/150] TCGA-99-7458-01Z-00-DX1.10ea0b2c-c763-40d1-83a4-3d4ae957fdb0.svs
  [138/150] TCGA-J2-8194-01Z-00-DX1.7700924D-B6AF-46A7-A7D7-B5C17A66C5F7.svs
  [139/150] TCGA-L9-A444-01Z-00-DX1.88CF6F01-0C1F-4572-81E3-1A5790692861.svs
  [140/150] TCGA-L9-A7SV-01Z-00-DX1.153B8E2D-54CE-4747-A22E-7A6ADCA03DB5.svs
  [141/150] TCGA-MN-A4N1-01Z-00-DX2.9B0852C4-16BF-4962-B86F-E2570E48A89E.svs
  [142/150] TCGA-MN-A4N4-01Z-00-DX1.7D8352EF-7A4B-4084-9612-CF92D9D16041.svs
  [143/150] TCGA-MP-A4SV-01Z-00-DX1.5430F2CF-BE4B-42D6-9CD4-92E6FB3F6E99.svs
  [144/150] TCGA-MP-A4T8-01Z-00-DX1.3ECB340F-66C7-4F64-8E00-463BF82AAD83.svs
  [145/150] TCGA-MP-A4T9-01Z-00-DX1.F7B341C4-EBCD-455F-BE90-3B77AC6B76EC.svs
  [146/150] TCGA-MP-A4TA-01Z-00-DX1.11DDADA4-B7A2-4216-9B18-7AD993AE12E4.svs
  [147/150] TCGA-MP-A4TC-01Z-00-DX1.C7DB4A7F-F6B8-4FA0-84C1-9B87D41C7749.svs
  [148/150] TCGA-MP-A4TF-01Z-00-DX1.F98B0438-6D32-4EA3-ABA8-E624457EA658.svs
  [149/150] TCGA-MP-A4TJ-01Z-00-DX1.14EDBE5C-5D0C-4002-BE95-AF5C9D9F3D43.svs
  [150/150] TCGA-NJ-A7XG-01Z-00-DX1.4A876254-653C-410B-A36C-55FC41C1DD93.svs
STEP 7 done — patient matrix: (144, 2048)

STEP 9 — Merge clinical labels + train/test split
Cohort: 124 patients (train=99, test=25)

STEP 11 — Train RF/LR per target

--- OS_STATUS — histopathology ---
  Random Forest             0.561 +/- 0.046          test=0.474
  Logistic (LASSO)          0.498 +/- 0.004          test=0.442

--- PFS_STATUS — histopathology ---
  Random Forest             0.475 +/- 0.109          test=0.711
  Logistic (LASSO)          0.500 +/- 0.000          test=0.500

--- Stage — histopathology ---
  Stage classes (train): {1: 48, 2: 24, 3: 19, 4: 8}
  Random Forest             0.518 +/- 0.127          test=0.487
  Logistic (LASSO)          0.500 +/- 0.000          test=0.500

STEP 13 — Save feature store
Saved: /Users/soumoha2/Documents/BITS/ONCOLENS/Data/feature_store/histopathology
Registry: /Users/soumoha2/Documents/BITS/ONCOLENS/Data/feature_store/registry_histopathology.json
PIPELINE COMPLETE
